{"level":"info","message":{"duration":"36 ms","method":"GET","params":{},"path":"/","query":{},"status":200},"timestamp":"2026-07-22T14:20:21.516Z"}
{"level":"info","message":{"duration":"9 ms","method":"GET","params":{},"path":"/","query":{},"status":304},"timestamp":"2026-07-22T14:20:21.533Z"}
{"level":"info","message":{"duration":"4 ms","method":"GET","path":"/favicon.ico","query":{},"status":404},"timestamp":"2026-07-22T14:20:22.721Z"}
{"level":"info","message":{"duration":"6 ms","method":"GET","params":{},"path":"/","query":{},"status":304},"timestamp":"2026-07-22T14:20:31.487Z"}
{"level":"info","message":{"duration":"5 ms","method":"GET","params":{},"path":"/","query":{},"status":304},"timestamp":"2026-07-22T14:20:41.488Z"}
{"level":"info","message":{"duration":"6 ms","method":"GET","params":{},"path":"/","query":{},"status":304},"timestamp":"2026-07-22T14:20:51.760Z"}
{"level":"info","message":{"duration":"5 ms","method":"GET","params":{},"path":"/","query":{},"status":304},"timestamp":"2026-07-22T14:21:01.762Z"}
{"level":"info","message":{"duration":"7 ms","method":"GET","params":{},"path":"/","query":{},"status":304},"timestamp":"2026-07-22T14:21:11.770Z"}
{"level":"info","message":{"duration":"6 ms","method":"GET","params":{},"path":"/","query":{},"status":304},"timestamp":"2026-07-22T14:21:21.768Z"}
{"level":"info","message":{"duration":"9 ms","method":"GET","params":{},"path":"/","query":{},"status":304},"timestamp":"2026-07-22T14:21:31.768Z"}
{"level":"info","message":{"duration":"7 ms","method":"GET","params":{},"path":"/","query":{},"status":304},"timestamp":"2026-07-22T14:21:41.778Z"}
{"level":"info","message":{"duration":"5 ms","method":"GET","params":{},"path":"/","query":{},"status":304},"timestamp":"2026-07-22T14:22:15.755Z"}
{"level":"info","message":{"duration":"12 ms","method":"GET","params":{},"path":"/","query":{},"status":304},"timestamp":"2026-07-22T14:22:28.970Z"}
{"level":"info","message":{"duration":"4 ms","method":"GET","params":{},"path":"/","query":{},"status":304},"timestamp":"2026-07-22T14:22:30.417Z"}
{"level":"info","message":{"duration":"5 ms","method":"GET","params":{},"path":"/","query":{},"status":304},"timestamp":"2026-07-22T14:22:30.425Z"}
{"level":"info","message":{"duration":"4 ms","method":"GET","params":{},"path":"/","query":{},"status":304},"timestamp":"2026-07-22T14:22:40.421Z"}
{"level":"info","message":{"duration":"4 ms","method":"GET","params":{},"path":"/","query":{},"status":304},"timestamp":"2026-07-22T14:22:42.965Z"}
{"level":"info","message":{"duration":"3 ms","method":"GET","params":{},"path":"/","query":{},"status":304},"timestamp":"2026-07-22T14:22:44.020Z"}
{"level":"info","message":{"duration":"4 ms","method":"GET","params":{},"path":"/","query":{},"status":304},"timestamp":"2026-07-22T14:22:50.420Z"}
{"level":"info","message":{"duration":"5 ms","method":"GET","params":{},"path":"/","query":{},"status":304},"timestamp":"2026-07-22T14:23:00.429Z"}
{"level":"info","message":{"duration":"5 ms","method":"GET","params":{},"path":"/","query":{},"status":304},"timestamp":"2026-07-22T14:23:10.766Z"}
{"level":"info","message":{"duration":"4 ms","method":"GET","params":{},"path":"/","query":{},"status":304},"timestamp":"2026-07-22T14:23:20.763Z"}
{"level":"info","message":{"duration":"4 ms","method":"GET","params":{},"path":"/","query":{},"status":304},"timestamp":"2026-07-22T14:23:30.763Z"}
{"level":"info","message":{"duration":"4 ms","method":"GET","params":{},"path":"/","query":{},"status":304},"timestamp":"2026-07-22T14:23:40.752Z"}
{"level":"info","message":{"duration":"4 ms","method":"GET","params":{},"path":"/","query":{},"status":304},"timestamp":"2026-07-22T14:23:50.762Z"}
{"level":"info","message":{"duration":"4 ms","method":"GET","params":{},"path":"/","query":{},"status":304},"timestamp":"2026-07-22T14:24:00.760Z"}
{"level":"info","message":{"duration":"5 ms","method":"GET","params":{},"path":"/","query":{},"status":304},"timestamp":"2026-07-22T14:24:15.762Z"}
{"level":"info","message":{"duration":"5 ms","method":"GET","params":{},"path":"/","query":{},"status":304},"timestamp":"2026-07-22T14:25:15.755Z"}
{"level":"info","message":{"duration":"5 ms","method":"GET","params":{},"path":"/","query":{},"status":304},"timestamp":"2026-07-22T14:26:00.641Z"}
{"level":"info","message":{"duration":"2 ms","method":"GET","params":{},"path":"/","query":{},"status":304},"timestamp":"2026-07-22T14:26:02.221Z"}
{"level":"info","message":{"duration":"2 ms","method":"GET","params":{},"path":"/","query":{},"status":304},"timestamp":"2026-07-22T14:26:02.228Z"}
{"level":"info","message":{"duration":"5 ms","method":"GET","params":{},"path":"/","query":{},"status":304},"timestamp":"2026-07-22T14:26:12.238Z"}
{"level":"info","message":{"duration":"3 ms","method":"GET","params":{},"path":"/","query":{},"status":304},"timestamp":"2026-07-22T14:26:22.229Z"}
{"level":"info","message":{"duration":"1 ms","method":"GET","path":"/signup","query":{},"status":404},"timestamp":"2026-07-22T14:26:28.720Z"}
{"level":"info","message":{"duration":"4 ms","method":"GET","params":{},"path":"/","query":{},"status":304},"timestamp":"2026-07-22T14:26:32.754Z"}
{"level":"info","message":{"duration":"1 ms","method":"GET","path":"/login","query":{},"status":404},"timestamp":"2026-07-22T14:26:42.612Z"}
{"level":"info","message":{"duration":"5 ms","method":"GET","params":{},"path":"/","query":{},"status":304},"timestamp":"2026-07-22T14:26:42.756Z"}
{"level":"info","message":{"duration":"3 ms","method":"GET","params":{},"path":"/","query":{},"status":304},"timestamp":"2026-07-22T14:26:52.749Z"}
{"level":"info","message":{"duration":"5 ms","method":"GET","params":{},"path":"/","query":{},"status":304},"timestamp":"2026-07-22T14:27:02.767Z"}
{"level":"info","message":{"duration":"4 ms","method":"GET","params":{},"path":"/","query":{},"status":304},"timestamp":"2026-07-22T14:27:12.756Z"}
{"level":"info","message":{"duration":"3 ms","method":"GET","params":{},"path":"/","query":{},"status":304},"timestamp":"2026-07-22T14:27:22.762Z"}
{"level":"info","message":{"duration":"3 ms","method":"GET","params":{},"path":"/","query":{},"status":304},"timestamp":"2026-07-22T14:27:32.761Z"}
{"level":"info","message":{"duration":"4 ms","method":"GET","params":{},"path":"/","query":{},"status":304},"timestamp":"2026-07-22T14:28:15.758Z"}
{"level":"info","message":{"duration":"3 ms","method":"GET","params":{},"path":"/","query":{},"status":304},"timestamp":"2026-07-22T14:29:15.761Z"}
{"level":"info","message":{"duration":"4 ms","method":"GET","params":{},"path":"/","query":{},"status":304},"timestamp":"2026-07-22T14:30:15.757Z"}
{"level":"info","message":{"duration":"4 ms","method":"GET","params":{},"path":"/","query":{},"status":304},"timestamp":"2026-07-22T14:31:15.756Z"}
{"level":"info","message":{"duration":"6 ms","method":"GET","params":{},"path":"/","query":{},"status":304},"timestamp":"2026-07-22T14:32:15.767Z"}
{"level":"info","message":{"duration":"4 ms","method":"GET","params":{},"path":"/","query":{},"status":304},"timestamp":"2026-07-22T14:33:15.754Z"}
{"level":"info","message":{"duration":"4 ms","method":"GET","params":{},"path":"/","query":{},"status":304},"timestamp":"2026-07-22T14:34:15.765Z"}
{"level":"info","message":{"duration":"4 ms","method":"GET","params":{},"path":"/","query":{},"status":304},"timestamp":"2026-07-22T14:35:15.762Z"}
{"level":"info","message":{"duration":"5 ms","method":"GET","params":{},"path":"/","query":{},"status":304},"timestamp":"2026-07-22T14:36:15.763Z"}
{"level":"info","message":{"duration":"5 ms","method":"GET","params":{},"path":"/","query":{},"status":304},"timestamp":"2026-07-22T14:37:15.760Z"}
{"level":"info","message":{"duration":"3 ms","method":"GET","params":{},"path":"/","query":{},"status":304},"timestamp":"2026-07-22T14:38:15.761Z"}
{"level":"info","message":{"duration":"2 ms","method":"GET","path":"/login","query":{},"status":404},"timestamp":"2026-07-22T14:38:50.118Z"}
{"level":"info","message":{"duration":"1 ms","method":"GET","path":"/login","query":{},"status":404},"timestamp":"2026-07-22T14:38:50.919Z"}
{"level":"info","message":{"duration":"2 ms","method":"GET","path":"/login","query":{},"status":404},"timestamp":"2026-07-22T14:38:51.101Z"}
{"level":"info","message":{"duration":"1 ms","method":"GET","path":"/login","query":{},"status":404},"timestamp":"2026-07-22T14:38:51.322Z"}
{"level":"info","message":{"duration":"5 ms","method":"GET","params":{},"path":"/","query":{},"status":304},"timestamp":"2026-07-22T14:38:53.460Z"}
{"level":"info","message":{"duration":"3 ms","method":"GET","params":{},"path":"/","query":{},"status":304},"timestamp":"2026-07-22T14:38:55.537Z"}
{"level":"info","message":{"duration":"3 ms","method":"GET","params":{},"path":"/","query":{},"status":304},"timestamp":"2026-07-22T14:38:55.543Z"}
{"level":"info","message":{"duration":"25 ms","method":"GET","params":{},"path":"/","query":{},"status":304},"timestamp":"2026-07-22T15:04:54.773Z"}
{"level":"info","message":{"duration":"8 ms","method":"GET","params":{},"path":"/","query":{},"status":304},"timestamp":"2026-07-22T15:04:54.794Z"}
{"level":"info","message":{"duration":"4 ms","method":"GET","path":"/favicon.ico","query":{},"status":404},"timestamp":"2026-07-22T15:04:54.913Z"}
{"level":"info","message":{"duration":"6 ms","method":"GET","params":{},"path":"/","query":{},"status":304},"timestamp":"2026-07-22T15:05:03.921Z"}
{"level":"info","message":{"duration":"4 ms","method":"GET","params":{},"path":"/","query":{},"status":304},"timestamp":"2026-07-22T15:05:03.928Z"}
{"level":"info","message":{"duration":"8 ms","method":"GET","params":{},"path":"/","query":{},"status":304},"timestamp":"2026-07-22T15:05:13.929Z"}
{"level":"info","message":{"duration":"5 ms","method":"GET","params":{},"path":"/","query":{},"status":304},"timestamp":"2026-07-22T15:05:23.932Z"}
{"level":"info","message":{"duration":"9 ms","method":"GET","params":{},"path":"/","query":{},"status":304},"timestamp":"2026-07-22T15:05:33.934Z"}
{"level":"info","message":{"duration":"3 ms","method":"GET","params":{},"path":"/","query":{},"status":304},"timestamp":"2026-07-22T15:05:47.243Z"}
{"level":"info","message":{"duration":"4 ms","method":"GET","params":{},"path":"/","query":{},"status":304},"timestamp":"2026-07-22T15:05:47.248Z"}
{"level":"info","message":{"duration":"4 ms","method":"GET","params":{},"path":"/","query":{},"status":304},"timestamp":"2026-07-22T15:05:57.294Z"}
{"level":"info","message":{"duration":"3 ms","method":"GET","params":{},"path":"/","query":{},"status":304},"timestamp":"2026-07-22T15:05:57.299Z"}
{"level":"info","message":{"duration":"4 ms","method":"GET","params":{},"path":"/","query":{},"status":304},"timestamp":"2026-07-22T15:06:07.304Z"}
{"level":"info","message":{"duration":"4 ms","method":"GET","params":{},"path":"/","query":{},"status":304},"timestamp":"2026-07-22T15:06:17.313Z"}
{"level":"info","message":{"duration":"6 ms","method":"GET","params":{},"path":"/","query":{},"status":304},"timestamp":"2026-07-22T15:06:27.307Z"}
{"level":"info","message":{"duration":"5 ms","method":"GET","params":{},"path":"/","query":{},"status":304},"timestamp":"2026-07-22T15:06:37.312Z"}
{"level":"info","message":{"duration":"9 ms","method":"GET","params":{},"path":"/","query":{},"status":304},"timestamp":"2026-07-22T15:06:47.310Z"}
{"level":"info","message":{"duration":"3 ms","method":"GET","params":{},"path":"/","query":{},"status":304},"timestamp":"2026-07-22T15:06:57.305Z"}
{"level":"info","message":{"duration":"3 ms","method":"GET","params":{},"path":"/","query":{},"status":304},"timestamp":"2026-07-22T15:07:07.315Z"}
{"level":"info","message":{"duration":"5 ms","method":"GET","params":{},"path":"/","query":{},"status":304},"timestamp":"2026-07-22T15:07:17.314Z"}
{"level":"info","message":{"duration":"4 ms","method":"GET","params":{},"path":"/","query":{},"status":304},"timestamp":"2026-07-22T15:07:27.311Z"}
{"level":"info","message":{"duration":"3 ms","method":"GET","params":{},"path":"/","query":{},"status":304},"timestamp":"2026-07-22T15:07:37.311Z"}
{"level":"info","message":{"duration":"3 ms","method":"GET","params":{},"path":"/","query":{},"status":304},"timestamp":"2026-07-22T15:07:47.308Z"}
{"level":"info","message":{"duration":"4 ms","method":"GET","params":{},"path":"/","query":{},"status":304},"timestamp":"2026-07-22T15:07:57.308Z"}
{"level":"info","message":{"duration":"4 ms","method":"GET","params":{},"path":"/","query":{},"status":304},"timestamp":"2026-07-22T15:08:07.305Z"}
{"level":"info","message":{"duration":"4 ms","method":"GET","params":{},"path":"/","query":{},"status":304},"timestamp":"2026-07-22T15:08:12.968Z"}
{"level":"info","message":{"duration":"3 ms","method":"GET","params":{},"path":"/","query":{},"status":304},"timestamp":"2026-07-22T15:08:12.973Z"}
{"level":"info","message":{"duration":"4 ms","method":"GET","params":{},"path":"/","query":{},"status":304},"timestamp":"2026-07-22T15:08:14.469Z"}
{"level":"info","message":{"duration":"3 ms","method":"GET","params":{},"path":"/","query":{},"status":304},"timestamp":"2026-07-22T15:08:14.475Z"}
{"level":"info","message":{"duration":"5 ms","method":"GET","params":{},"path":"/","query":{},"status":304},"timestamp":"2026-07-22T15:08:15.539Z"}
{"level":"info","message":{"duration":"4 ms","method":"GET","params":{},"path":"/","query":{},"status":304},"timestamp":"2026-07-22T15:08:15.546Z"}
{"level":"info","message":{"duration":"4 ms","method":"GET","params":{},"path":"/","query":{},"status":304},"timestamp":"2026-07-22T15:08:25.557Z"}
{"level":"info","message":{"duration":"4 ms","method":"GET","params":{},"path":"/","query":{},"status":304},"timestamp":"2026-07-22T15:08:35.546Z"}
{"level":"info","message":{"duration":"4 ms","method":"GET","params":{},"path":"/","query":{},"status":304},"timestamp":"2026-07-22T15:08:45.545Z"}
{"level":"info","message":{"duration":"5 ms","method":"GET","params":{},"path":"/","query":{},"status":304},"timestamp":"2026-07-22T15:08:55.554Z"}
{"level":"info","message":{"duration":"3 ms","method":"GET","params":{},"path":"/","query":{},"status":304},"timestamp":"2026-07-22T15:09:05.542Z"}
{"level":"info","message":{"duration":"5 ms","method":"GET","params":{},"path":"/","query":{},"status":304},"timestamp":"2026-07-22T15:09:15.547Z"}
{"level":"info","message":{"duration":"3 ms","method":"GET","params":{},"path":"/","query":{},"status":304},"timestamp":"2026-07-22T15:09:25.546Z"}
{"level":"info","message":{"duration":"3 ms","method":"GET","params":{},"path":"/","query":{},"status":304},"timestamp":"2026-07-22T15:09:35.756Z"}
{"level":"info","message":{"duration":"5 ms","method":"GET","params":{},"path":"/","query":{},"status":304},"timestamp":"2026-07-22T15:09:45.763Z"}
{"level":"info","message":{"duration":"4 ms","method":"GET","params":{},"path":"/","query":{},"status":304},"timestamp":"2026-07-22T15:09:55.759Z"}
{"level":"info","message":{"duration":"4 ms","method":"GET","params":{},"path":"/","query":{},"status":304},"timestamp":"2026-07-22T15:10:05.753Z"}
{"level":"info","message":{"duration":"4 ms","method":"GET","params":{},"path":"/","query":{},"status":304},"timestamp":"2026-07-22T15:10:15.756Z"}
{"level":"info","message":{"duration":"5 ms","method":"GET","params":{},"path":"/","query":{},"status":304},"timestamp":"2026-07-22T15:10:25.756Z"}
{"level":"info","message":{"duration":"4 ms","method":"GET","params":{},"path":"/","query":{},"status":304},"timestamp":"2026-07-22T15:11:15.760Z"}
{"level":"info","message":{"duration":"3 ms","method":"GET","params":{},"path":"/","query":{},"status":304},"timestamp":"2026-07-22T15:12:15.761Z"}
{"level":"info","message":{"duration":"9 ms","method":"GET","params":{},"path":"/","query":{},"status":304},"timestamp":"2026-07-22T15:12:41.791Z"}
{"level":"info","message":{"duration":"4 ms","method":"GET","params":{},"path":"/","query":{},"status":304},"timestamp":"2026-07-22T15:12:43.570Z"}
{"level":"info","message":{"duration":"2 ms","method":"GET","params":{},"path":"/","query":{},"status":304},"timestamp":"2026-07-22T15:12:43.574Z"}
{"level":"info","message":{"duration":"3 ms","method":"GET","params":{},"path":"/","query":{},"status":304},"timestamp":"2026-07-22T15:12:43.775Z"}
{"level":"info","message":{"duration":"3 ms","method":"GET","params":{},"path":"/","query":{},"status":304},"timestamp":"2026-07-22T15:12:43.780Z"}
{"level":"info","message":{"duration":"3 ms","method":"GET","params":{},"path":"/","query":{},"status":304},"timestamp":"2026-07-22T15:12:53.791Z"}
{"level":"info","message":{"duration":"4 ms","method":"GET","params":{},"path":"/","query":{},"status":304},"timestamp":"2026-07-22T15:13:03.794Z"}
{"level":"info","message":{"duration":"6 ms","method":"GET","params":{},"path":"/","query":{},"status":304},"timestamp":"2026-07-22T15:13:14.750Z"}
{"level":"info","message":{"duration":"17 ms","method":"GET","params":{},"path":"/","query":{},"status":304},"timestamp":"2026-07-22T16:37:29.152Z"}
{"level":"info","message":{"duration":"4 ms","method":"GET","params":{},"path":"/","query":{},"status":304},"timestamp":"2026-07-22T16:37:31.192Z"}
{"level":"info","message":{"duration":"6 ms","method":"GET","params":{},"path":"/","query":{},"status":304},"timestamp":"2026-07-22T16:37:31.200Z"}
{"level":"info","message":{"duration":"4 ms","method":"GET","params":{},"path":"/","query":{},"status":304},"timestamp":"2026-07-22T16:37:41.391Z"}
{"level":"info","message":{"duration":"3 ms","method":"GET","params":{},"path":"/","query":{},"status":304},"timestamp":"2026-07-22T16:37:51.395Z"}
{"level":"info","message":{"duration":"4 ms","method":"GET","params":{},"path":"/","query":{},"status":304},"timestamp":"2026-07-22T16:38:01.404Z"}
{"level":"info","message":{"duration":"3 ms","method":"GET","params":{},"path":"/","query":{},"status":304},"timestamp":"2026-07-22T16:38:11.397Z"}
{"level":"info","message":{"duration":"4 ms","method":"GET","params":{},"path":"/","query":{},"status":304},"timestamp":"2026-07-22T16:38:21.394Z"}
{"level":"info","message":{"duration":"3 ms","method":"GET","params":{},"path":"/","query":{},"status":304},"timestamp":"2026-07-22T16:38:31.400Z"}
{"level":"info","message":{"duration":"5 ms","method":"GET","params":{},"path":"/","query":{},"status":304},"timestamp":"2026-07-22T16:39:15.401Z"}
{"level":"info","message":{"duration":"13 ms","method":"GET","params":{},"path":"/","query":{},"status":304},"timestamp":"2026-07-22T16:39:41.314Z"}
{"level":"info","message":{"duration":"9 ms","method":"GET","params":{},"path":"/","query":{},"status":304},"timestamp":"2026-07-22T16:39:43.259Z"}
{"level":"info","message":{"duration":"39 ms","method":"GET","params":{},"path":"/","query":{},"status":304},"timestamp":"2026-07-22T16:39:43.301Z"}
{"level":"info","message":{"duration":"3 ms","method":"GET","params":{},"path":"/","query":{},"status":304},"timestamp":"2026-07-22T16:39:53.398Z"}
{"level":"info","message":{"duration":"3 ms","method":"GET","params":{},"path":"/","query":{},"status":304},"timestamp":"2026-07-22T16:40:03.399Z"}
{"level":"info","message":{"duration":"3 ms","method":"GET","params":{},"path":"/","query":{},"status":304},"timestamp":"2026-07-22T16:40:13.400Z"}
{"level":"info","message":{"duration":"4 ms","method":"GET","params":{},"path":"/","query":{},"status":304},"timestamp":"2026-07-22T16:40:23.396Z"}
{"level":"info","message":{"duration":"3 ms","method":"GET","params":{},"path":"/","query":{},"status":304},"timestamp":"2026-07-22T16:40:33.398Z"}
{"level":"info","message":{"duration":"4 ms","method":"GET","params":{},"path":"/","query":{},"status":304},"timestamp":"2026-07-22T16:40:43.397Z"}
{"level":"info","message":{"duration":"4 ms","method":"GET","params":{},"path":"/","query":{},"status":304},"timestamp":"2026-07-22T16:41:15.397Z"}
{"level":"info","message":{"duration":"4 ms","method":"GET","params":{},"path":"/","query":{},"status":304},"timestamp":"2026-07-22T16:42:15.396Z"}
{"level":"info","message":{"duration":"4 ms","method":"GET","params":{},"path":"/","query":{},"status":304},"timestamp":"2026-07-22T16:43:15.402Z"}
{"level":"info","message":{"duration":"3 ms","method":"GET","params":{},"path":"/","query":{},"status":304},"timestamp":"2026-07-22T16:44:15.399Z"}
{"level":"info","message":{"duration":"3 ms","method":"GET","params":{},"path":"/","query":{},"status":304},"timestamp":"2026-07-22T16:45:15.403Z"}
{"level":"info","message":{"duration":"5 ms","method":"GET","params":{},"path":"/","query":{},"status":304},"timestamp":"2026-07-22T16:46:15.407Z"}
{"level":"info","message":{"duration":"8 ms","method":"GET","params":{},"path":"/","query":{},"status":304},"timestamp":"2026-07-22T16:46:27.103Z"}
{"level":"info","message":{"duration":"6 ms","method":"GET","params":{},"path":"/","query":{},"status":304},"timestamp":"2026-07-22T16:46:28.810Z"}
{"level":"info","message":{"duration":"6 ms","method":"GET","params":{},"path":"/","query":{},"status":304},"timestamp":"2026-07-22T16:46:28.820Z"}
{"level":"info","message":{"duration":"7 ms","method":"GET","params":{},"path":"/","query":{},"status":304},"timestamp":"2026-07-22T16:46:38.819Z"}
{"level":"info","message":{"duration":"7 ms","method":"GET","params":{},"path":"/","query":{},"status":304},"timestamp":"2026-07-22T16:46:48.814Z"}
{"level":"info","message":{"body":{"course":"Computer Science","email":"riteshlande75@gmail.com","name":"ritesh lande","password":"Ritesh@75"},"duration":"130 ms","method":"POST","params":{},"path":"/signup","query":{},"status":201},"timestamp":"2026-07-22T16:47:28.191Z"}
{"level":"info","message":{"duration":"12 ms","method":"GET","params":{},"path":"/","query":{},"status":200},"timestamp":"2026-07-22T16:47:29.564Z"}
{"level":"info","message":{"duration":"6 ms","method":"GET","params":{},"path":"/","query":{},"status":304},"timestamp":"2026-07-22T16:47:29.573Z"}
{"level":"info","message":{"duration":"9 ms","method":"GET","params":{},"path":"/","query":{},"status":304},"timestamp":"2026-07-22T16:47:39.569Z"}
{"level":"info","message":{"duration":"5 ms","method":"GET","params":{},"path":"/","query":{},"status":304},"timestamp":"2026-07-22T16:47:50.404Z"}
{"level":"info","message":{"duration":"4 ms","method":"GET","params":{},"path":"/","query":{},"status":304},"timestamp":"2026-07-22T16:47:59.565Z"}
{"level":"info","message":{"duration":"7 ms","method":"GET","params":{},"path":"/","query":{},"status":304},"timestamp":"2026-07-22T16:48:09.578Z"}
{"level":"info","message":{"body":{"email":"riteshlande75@gmail.com","password":"Ritesh@75"},"duration":"12 ms","method":"POST","params":{},"path":"/login","query":{},"status":200},"timestamp":"2026-07-22T16:48:31.965Z"}
{"level":"info","message":{"duration":"6 ms","method":"GET","params":{},"path":"/","query":{},"status":304},"timestamp":"2026-07-22T16:48:33.105Z"}
{"level":"info","message":{"duration":"8 ms","method":"GET","params":{},"path":"/","query":{},"status":304},"timestamp":"2026-07-22T16:48:33.120Z"}
{"level":"info","message":{"duration":"10 ms","method":"GET","params":{},"path":"/","query":{},"status":304},"timestamp":"2026-07-22T16:48:43.114Z"}
{"level":"info","message":{"duration":"4 ms","method":"GET","params":{},"path":"/","query":{},"status":304},"timestamp":"2026-07-22T16:48:53.390Z"}
{"level":"info","message":{"duration":"4 ms","method":"GET","params":{},"path":"/","query":{},"status":304},"timestamp":"2026-07-22T16:49:03.403Z"}
{"level":"info","message":{"duration":"3 ms","method":"GET","params":{},"path":"/","query":{},"status":304},"timestamp":"2026-07-22T16:49:13.400Z"}
{"level":"info","message":{"duration":"4 ms","method":"GET","params":{},"path":"/","query":{},"status":304},"timestamp":"2026-07-22T16:49:23.393Z"}
{"level":"info","message":{"duration":"4 ms","method":"GET","params":{},"path":"/","query":{},"status":304},"timestamp":"2026-07-22T16:49:33.398Z"}
{"level":"info","message":{"duration":"4 ms","method":"GET","params":{},"path":"/","query":{},"status":304},"timestamp":"2026-07-22T16:49:43.406Z"}
{"level":"info","message":{"duration":"4 ms","method":"GET","params":{},"path":"/","query":{},"status":304},"timestamp":"2026-07-22T16:50:15.392Z"}
{"level":"info","message":{"duration":"4 ms","method":"GET","params":{},"path":"/","query":{},"status":304},"timestamp":"2026-07-22T16:51:15.398Z"}
{"level":"info","message":{"duration":"3 ms","method":"GET","params":{},"path":"/","query":{},"status":304},"timestamp":"2026-07-22T16:52:15.395Z"}
{"level":"info","message":{"duration":"6 ms","method":"GET","params":{},"path":"/","query":{},"status":304},"timestamp":"2026-07-22T16:53:15.400Z"}
{"level":"info","message":{"duration":"5 ms","method":"GET","params":{},"path":"/","query":{},"status":304},"timestamp":"2026-07-22T16:54:15.393Z"}
{"level":"info","message":{"duration":"6 ms","method":"GET","params":{},"path":"/","query":{},"status":304},"timestamp":"2026-07-22T16:55:15.404Z"}
{"level":"info","message":{"duration":"4 ms","method":"GET","params":{},"path":"/","query":{},"status":304},"timestamp":"2026-07-22T16:56:15.411Z"}
{"level":"info","message":{"duration":"7 ms","method":"GET","params":{},"path":"/","query":{},"status":304},"timestamp":"2026-07-22T16:56:24.406Z"}
{"level":"info","message":{"duration":"5 ms","method":"GET","params":{},"path":"/","query":{},"status":304},"timestamp":"2026-07-22T16:56:26.254Z"}
{"level":"info","message":{"duration":"6 ms","method":"GET","params":{},"path":"/","query":{},"status":304},"timestamp":"2026-07-22T16:56:26.263Z"}
{"level":"info","message":{"duration":"4 ms","method":"GET","params":{},"path":"/","query":{},"status":304},"timestamp":"2026-07-22T16:56:36.270Z"}
{"level":"info","message":{"duration":"4 ms","method":"GET","params":{},"path":"/","query":{},"status":304},"timestamp":"2026-07-22T16:56:46.257Z"}
{"level":"info","message":{"duration":"5 ms","method":"GET","params":{},"path":"/","query":{},"status":304},"timestamp":"2026-07-22T16:56:56.262Z"}
{"level":"info","message":{"duration":"5 ms","method":"GET","params":{},"path":"/","query":{},"status":304},"timestamp":"2026-07-22T16:57:06.265Z"}
{"level":"info","message":{"duration":"4 ms","method":"GET","params":{},"path":"/","query":{},"status":304},"timestamp":"2026-07-22T16:57:16.260Z"}
{"level":"info","message":{"duration":"6 ms","method":"GET","params":{},"path":"/","query":{},"status":304},"timestamp":"2026-07-22T16:57:26.267Z"}
{"level":"info","message":{"duration":"6 ms","method":"GET","params":{},"path":"/","query":{},"status":304},"timestamp":"2026-07-22T16:57:36.396Z"}
{"level":"info","message":{"duration":"3 ms","method":"GET","params":{},"path":"/","query":{},"status":304},"timestamp":"2026-07-22T16:57:46.401Z"}
{"level":"info","message":{"duration":"4 ms","method":"GET","params":{},"path":"/","query":{},"status":304},"timestamp":"2026-07-22T16:57:56.393Z"}
{"level":"info","message":{"duration":"5 ms","method":"GET","params":{},"path":"/","query":{},"status":304},"timestamp":"2026-07-22T16:58:06.394Z"}
{"level":"info","message":{"duration":"5 ms","method":"GET","params":{},"path":"/","query":{},"status":304},"timestamp":"2026-07-22T16:58:16.409Z"}
{"level":"info","message":{"duration":"5 ms","method":"GET","params":{},"path":"/","query":{},"status":304},"timestamp":"2026-07-22T16:58:26.398Z"}
{"level":"info","message":{"duration":"4 ms","method":"GET","params":{},"path":"/","query":{},"status":304},"timestamp":"2026-07-22T16:59:15.403Z"}
{"level":"info","message":{"duration":"3 ms","method":"GET","params":{},"path":"/","query":{},"status":304},"timestamp":"2026-07-22T17:00:15.395Z"}
{"level":"info","message":{"duration":"3 ms","method":"GET","params":{},"path":"/","query":{},"status":304},"timestamp":"2026-07-22T17:01:15.407Z"}
{"level":"info","message":{"duration":"4 ms","method":"GET","params":{},"path":"/","query":{},"status":304},"timestamp":"2026-07-22T17:02:15.424Z"}
{"level":"info","message":{"duration":"3 ms","method":"GET","params":{},"path":"/","query":{},"status":304},"timestamp":"2026-07-22T17:03:15.396Z"}
{"level":"info","message":{"duration":"9 ms","method":"GET","params":{},"path":"/","query":{},"status":304},"timestamp":"2026-07-22T17:04:15.639Z"}
{"level":"info","message":{"duration":"6 ms","method":"GET","params":{},"path":"/","query":{},"status":304},"timestamp":"2026-07-22T17:04:15.650Z"}
{"level":"info","message":{"duration":"7 ms","method":"GET","params":{},"path":"/","query":{},"status":304},"timestamp":"2026-07-22T17:04:15.807Z"}
{"level":"info","message":{"duration":"6 ms","method":"GET","params":{},"path":"/","query":{},"status":304},"timestamp":"2026-07-22T17:04:25.651Z"}
{"level":"info","message":{"duration":"5 ms","method":"GET","params":{},"path":"/","query":{},"status":304},"timestamp":"2026-07-22T17:04:35.643Z"}
{"level":"info","message":{"duration":"3 ms","method":"GET","params":{},"path":"/","query":{},"status":304},"timestamp":"2026-07-22T17:04:45.638Z"}
{"level":"info","message":{"duration":"15 ms","method":"GET","params":{},"path":"/","query":{},"status":304},"timestamp":"2026-07-22T17:04:55.663Z"}
{"level":"info","message":{"duration":"4 ms","method":"GET","params":{},"path":"/","query":{},"status":304},"timestamp":"2026-07-22T17:05:05.643Z"}
{"level":"info","message":{"duration":"4 ms","method":"GET","params":{},"path":"/","query":{},"status":304},"timestamp":"2026-07-22T17:05:15.416Z"}
{"level":"info","message":{"duration":"5 ms","method":"GET","params":{},"path":"/","query":{},"status":304},"timestamp":"2026-07-22T17:05:15.645Z"}
{"level":"info","message":{"duration":"4 ms","method":"GET","params":{},"path":"/","query":{},"status":304},"timestamp":"2026-07-22T17:05:25.644Z"}
{"level":"info","message":{"duration":"8 ms","method":"GET","params":{},"path":"/","query":{},"status":304},"timestamp":"2026-07-22T17:05:35.649Z"}
{"level":"info","message":{"body":{"course":"computer science","email":"riteshlande75@gmail.com","enrollmentDate":"2026-07-22","name":"vaishnavi","status":"active"},"duration":"19 ms","method":"POST","params":{},"path":"/","query":{},"status":400},"timestamp":"2026-07-22T17:05:43.670Z"}
{"level":"info","message":{"duration":"4 ms","method":"GET","params":{},"path":"/","query":{},"status":304},"timestamp":"2026-07-22T17:05:45.645Z"}
{"level":"info","message":{"body":{"course":"computer science","email":"riteshlande75@gmail.com","enrollmentDate":"2026-07-22","name":"vaishnavi","status":"active"},"duration":"6 ms","method":"POST","params":{},"path":"/","query":{},"status":400},"timestamp":"2026-07-22T17:05:49.849Z"}
{"level":"info","message":{"body":{"course":"computer science","email":"riteshlande75@gmail.com","enrollmentDate":"2026-07-22","name":"vaishnavi","status":"active"},"duration":"5 ms","method":"POST","params":{},"path":"/","query":{},"status":400},"timestamp":"2026-07-22T17:05:55.004Z"}
{"level":"info","message":{"duration":"5 ms","method":"GET","params":{},"path":"/","query":{},"status":304},"timestamp":"2026-07-22T17:05:55.637Z"}
{"level":"info","message":{"body":{"course":"computer science","email":"riteshlande75@gmail.com","enrollmentDate":"2026-07-22","name":"vaishnavi","status":"active"},"duration":"6 ms","method":"POST","params":{},"path":"/","query":{},"status":400},"timestamp":"2026-07-22T17:06:00.445Z"}
{"level":"info","message":{"duration":"3 ms","method":"GET","params":{},"path":"/","query":{},"status":304},"timestamp":"2026-07-22T17:06:05.645Z"}
{"level":"info","message":{"body":{"course":"computer science","email":"riteshlande74@gmail.com","enrollmentDate":"2026-07-22","name":"vaishnavi","status":"active"},"duration":"5 ms","method":"POST","params":{},"path":"/","query":{},"status":201},"timestamp":"2026-07-22T17:06:07.663Z"}
{"level":"info","message":{"duration":"6 ms","method":"GET","params":{},"path":"/","query":{},"status":200},"timestamp":"2026-07-22T17:06:07.673Z"}
{"level":"info","message":{"duration":"7 ms","method":"GET","params":{},"path":"/","query":{},"status":304},"timestamp":"2026-07-22T17:06:15.420Z"}
{"level":"info","message":{"duration":"5 ms","method":"GET","params":{},"path":"/","query":{},"status":304},"timestamp":"2026-07-22T17:06:15.637Z"}
{"level":"info","message":{"duration":"6 ms","method":"GET","params":{},"path":"/","query":{},"status":304},"timestamp":"2026-07-22T17:06:17.211Z"}
{"level":"info","message":{"duration":"5 ms","method":"GET","params":{},"path":"/","query":{},"status":304},"timestamp":"2026-07-22T17:06:17.218Z"}
{"level":"info","message":{"duration":"4 ms","method":"GET","params":{},"path":"/","query":{},"status":304},"timestamp":"2026-07-22T17:06:27.225Z"}
{"level":"info","message":{"duration":"7 ms","method":"GET","params":{},"path":"/","query":{},"status":304},"timestamp":"2026-07-22T17:06:37.219Z"}
{"level":"info","message":{"duration":"4 ms","method":"GET","params":{},"path":"/","query":{},"status":304},"timestamp":"2026-07-22T17:06:47.225Z"}
{"level":"info","message":{"duration":"4 ms","method":"GET","params":{},"path":"/","query":{},"status":304},"timestamp":"2026-07-22T17:06:57.214Z"}
{"level":"info","message":{"duration":"3 ms","method":"GET","params":{},"path":"/","query":{},"status":304},"timestamp":"2026-07-22T17:07:07.222Z"}
{"level":"info","message":{"duration":"4 ms","method":"GET","params":{},"path":"/","query":{},"status":304},"timestamp":"2026-07-22T17:07:15.390Z"}
{"level":"info","message":{"duration":"4 ms","method":"GET","params":{},"path":"/","query":{},"status":304},"timestamp":"2026-07-22T17:07:17.223Z"}
{"level":"info","message":{"duration":"5 ms","method":"GET","params":{},"path":"/","query":{},"status":304},"timestamp":"2026-07-22T17:07:27.213Z"}
{"level":"info","message":{"duration":"4 ms","method":"GET","params":{},"path":"/","query":{},"status":304},"timestamp":"2026-07-22T17:07:37.214Z"}
{"level":"info","message":{"duration":"3 ms","method":"GET","params":{},"path":"/","query":{},"status":304},"timestamp":"2026-07-22T17:07:47.218Z"}
{"level":"info","message":{"duration":"4 ms","method":"GET","params":{},"path":"/","query":{},"status":304},"timestamp":"2026-07-22T17:07:57.223Z"}
{"level":"info","message":{"duration":"5 ms","method":"GET","params":{},"path":"/","query":{},"status":304},"timestamp":"2026-07-22T17:08:07.212Z"}
{"level":"info","message":{"duration":"4 ms","method":"GET","params":{},"path":"/","query":{},"status":304},"timestamp":"2026-07-22T17:08:09.666Z"}
{"level":"info","message":{"duration":"4 ms","method":"GET","params":{},"path":"/","query":{},"status":304},"timestamp":"2026-07-22T17:08:10.420Z"}
{"level":"info","message":{"duration":"4 ms","method":"GET","params":{},"path":"/","query":{},"status":304},"timestamp":"2026-07-22T17:08:14.513Z"}
{"level":"info","message":{"duration":"7 ms","method":"GET","params":{},"path":"/","query":{},"status":304},"timestamp":"2026-07-22T17:08:16.262Z"}
{"level":"info","message":{"duration":"5 ms","method":"GET","params":{},"path":"/","query":{},"status":304},"timestamp":"2026-07-22T17:08:17.403Z"}
{"level":"info","message":{"duration":"9 ms","method":"GET","params":{},"path":"/","query":{},"status":304},"timestamp":"2026-07-22T17:08:26.268Z"}
{"level":"info","message":{"duration":"5 ms","method":"GET","params":{},"path":"/","query":{},"status":304},"timestamp":"2026-07-22T17:08:27.414Z"}
{"level":"info","message":{"duration":"11 ms","method":"GET","params":{},"path":"/","query":{},"status":304},"timestamp":"2026-07-22T17:08:36.273Z"}
{"level":"info","message":{"duration":"6 ms","method":"GET","params":{},"path":"/","query":{},"status":304},"timestamp":"2026-07-22T17:08:37.403Z"}
{"level":"info","message":{"duration":"5 ms","method":"GET","params":{},"path":"/","query":{},"status":304},"timestamp":"2026-07-22T17:08:40.172Z"}
{"level":"info","message":{"duration":"4 ms","method":"GET","params":{},"path":"/","query":{},"status":304},"timestamp":"2026-07-22T17:08:40.180Z"}
{"level":"info","message":{"duration":"8 ms","method":"GET","params":{},"path":"/","query":{},"status":304},"timestamp":"2026-07-22T17:08:40.551Z"}
{"level":"info","message":{"duration":"12 ms","method":"GET","params":{},"path":"/","query":{},"status":304},"timestamp":"2026-07-22T17:08:40.571Z"}
{"level":"info","message":{"duration":"8 ms","method":"GET","params":{},"path":"/","query":{},"status":304},"timestamp":"2026-07-22T17:08:42.936Z"}
{"level":"info","message":{"duration":"33 ms","method":"GET","params":{},"path":"/","query":{},"status":304},"timestamp":"2026-07-22T17:08:42.985Z"}
{"level":"info","message":{"duration":"16 ms","method":"GET","params":{},"path":"/","query":{},"status":304},"timestamp":"2026-07-22T17:08:43.194Z"}
{"level":"info","message":{"duration":"35 ms","method":"GET","params":{},"path":"/","query":{},"status":304},"timestamp":"2026-07-22T17:08:43.237Z"}
{"level":"info","message":{"duration":"20 ms","method":"GET","params":{},"path":"/","query":{},"status":304},"timestamp":"2026-07-22T17:08:43.421Z"}
{"level":"info","message":{"duration":"37 ms","method":"GET","params":{},"path":"/","query":{},"status":304},"timestamp":"2026-07-22T17:08:43.475Z"}
{"level":"info","message":{"duration":"8 ms","method":"GET","params":{},"path":"/","query":{},"status":304},"timestamp":"2026-07-22T17:08:47.229Z"}
{"level":"info","message":{"duration":"4 ms","method":"GET","params":{},"path":"/","query":{},"status":304},"timestamp":"2026-07-22T17:08:53.416Z"}
{"level":"info","message":{"duration":"4 ms","method":"GET","params":{},"path":"/","query":{},"status":304},"timestamp":"2026-07-22T17:08:57.396Z"}
{"level":"info","message":{"duration":"9 ms","method":"GET","params":{},"path":"/","query":{},"status":304},"timestamp":"2026-07-22T17:09:03.415Z"}
{"level":"info","message":{"duration":"5 ms","method":"GET","params":{},"path":"/","query":{},"status":304},"timestamp":"2026-07-22T17:09:07.402Z"}
{"level":"info","message":{"duration":"7 ms","method":"GET","params":{},"path":"/","query":{},"status":304},"timestamp":"2026-07-22T17:09:09.305Z"}
{"level":"info","message":{"duration":"6 ms","method":"GET","params":{},"path":"/","query":{},"status":304},"timestamp":"2026-07-22T17:09:09.314Z"}
{"level":"info","message":{"duration":"5 ms","method":"GET","params":{},"path":"/","query":{},"status":304},"timestamp":"2026-07-22T17:09:17.404Z"}
{"level":"info","message":{"duration":"4 ms","method":"GET","params":{},"path":"/","query":{},"status":304},"timestamp":"2026-07-22T17:09:19.302Z"}
{"level":"info","message":{"body":{"course":"computer science","email":"riteshlande75@gmail.com","enrollmentDate":"2026-07-22","name":"vaishnavi","status":"active"},"duration":"6 ms","method":"POST","params":{},"path":"/","query":{},"status":400},"timestamp":"2026-07-22T17:09:23.015Z"}
{"level":"info","message":{"duration":"6 ms","method":"GET","params":{},"path":"/","query":{},"status":304},"timestamp":"2026-07-22T17:09:27.396Z"}
{"level":"info","message":{"duration":"4 ms","method":"GET","params":{},"path":"/","query":{},"status":304},"timestamp":"2026-07-22T17:09:29.311Z"}
{"level":"info","message":{"body":{"course":"computer science","email":"riteshlande76@gmail.com","enrollmentDate":"2026-07-22","name":"vaishnavi","status":"active"},"duration":"6 ms","method":"POST","params":{},"path":"/","query":{},"status":201},"timestamp":"2026-07-22T17:09:31.552Z"}
{"level":"info","message":{"duration":"6 ms","method":"GET","params":{},"path":"/","query":{},"status":200},"timestamp":"2026-07-22T17:09:31.566Z"}
{"level":"info","message":{"duration":"4 ms","method":"GET","params":{},"path":"/","query":{},"status":304},"timestamp":"2026-07-22T17:09:37.399Z"}
{"level":"info","message":{"duration":"5 ms","method":"GET","params":{},"path":"/","query":{},"status":304},"timestamp":"2026-07-22T17:09:39.397Z"}
{"level":"info","message":{"duration":"3 ms","method":"GET","params":{},"path":"/","query":{},"status":304},"timestamp":"2026-07-22T17:09:47.397Z"}
{"level":"info","message":{"duration":"4 ms","method":"GET","params":{},"path":"/","query":{},"status":304},"timestamp":"2026-07-22T17:09:49.397Z"}
{"level":"info","message":{"duration":"6 ms","method":"GET","params":{},"path":"/","query":{},"status":304},"timestamp":"2026-07-22T17:09:59.409Z"}
{"level":"info","message":{"duration":"4 ms","method":"GET","params":{},"path":"/","query":{},"status":304},"timestamp":"2026-07-22T17:10:09.396Z"}
{"level":"info","message":{"duration":"4 ms","method":"GET","params":{},"path":"/","query":{},"status":304},"timestamp":"2026-07-22T17:10:15.408Z"}
{"level":"info","message":{"duration":"3 ms","method":"GET","params":{},"path":"/","query":{},"status":304},"timestamp":"2026-07-22T17:10:19.396Z"}
{"level":"info","message":{"duration":"3 ms","method":"GET","params":{},"path":"/","query":{},"status":304},"timestamp":"2026-07-22T17:10:29.390Z"}
{"level":"info","message":{"duration":"6 ms","method":"GET","params":{},"path":"/","query":{},"status":304},"timestamp":"2026-07-22T17:11:15.412Z"}
{"level":"info","message":{"duration":"5 ms","method":"GET","params":{},"path":"/","query":{},"status":304},"timestamp":"2026-07-22T17:11:15.422Z"}
{"level":"info","message":{"duration":"10 ms","method":"GET","params":{},"path":"/","query":{},"status":304},"timestamp":"2026-07-22T17:11:33.256Z"}
{"level":"info","message":{"duration":"4 ms","method":"GET","params":{},"path":"/","query":{},"status":304},"timestamp":"2026-07-22T17:11:35.072Z"}
{"level":"info","message":{"duration":"5 ms","method":"GET","params":{},"path":"/","query":{},"status":304},"timestamp":"2026-07-22T17:11:35.079Z"}
{"level":"info","message":{"duration":"4 ms","method":"GET","params":{},"path":"/","query":{},"status":304},"timestamp":"2026-07-22T17:12:15.395Z"}
{"level":"info","message":{"duration":"5 ms","method":"GET","params":{},"path":"/","query":{},"status":304},"timestamp":"2026-07-22T17:12:48.793Z"}
{"level":"info","message":{"duration":"5 ms","method":"GET","params":{},"path":"/","query":{},"status":304},"timestamp":"2026-07-22T17:12:48.800Z"}
{"level":"info","message":{"duration":"4 ms","method":"GET","params":{},"path":"/","query":{},"status":304},"timestamp":"2026-07-22T17:12:58.797Z"}
{"level":"info","message":{"duration":"6 ms","method":"GET","params":{},"path":"/","query":{},"status":304},"timestamp":"2026-07-22T17:13:15.400Z"}
{"level":"info","message":{"body":{"email":"riteshlande75@gmail.com","password":"Ritesh@76"},"duration":"4 ms","method":"POST","params":{},"path":"/login","query":{},"status":401},"timestamp":"2026-07-22T17:13:20.163Z"}
{"level":"info","message":{"body":{"email":"riteshlande75@gmail.com","password":"Ritesh@75"},"duration":"4 ms","method":"POST","params":{},"path":"/login","query":{},"status":200},"timestamp":"2026-07-22T17:13:25.517Z"}
{"level":"info","message":{"duration":"3 ms","method":"GET","params":{},"path":"/","query":{},"status":304},"timestamp":"2026-07-22T17:13:26.636Z"}
{"level":"info","message":{"duration":"5 ms","method":"GET","params":{},"path":"/","query":{},"status":304},"timestamp":"2026-07-22T17:13:26.643Z"}
{"level":"info","message":{"duration":"20 ms","method":"DELETE","params":{"id":"6a60f4203878538f6cc4905e"},"path":"/6a60f4203878538f6cc4905e","query":{},"status":200},"timestamp":"2026-07-22T17:13:34.234Z"}
{"level":"info","message":{"duration":"6 ms","method":"GET","params":{},"path":"/","query":{},"status":200},"timestamp":"2026-07-22T17:13:34.246Z"}
{"level":"info","message":{"duration":"4 ms","method":"GET","params":{},"path":"/","query":{},"status":304},"timestamp":"2026-07-22T17:13:36.643Z"}
{"level":"info","message":{"duration":"7 ms","method":"DELETE","params":{"id":"6a60f87f3878538f6cc490a2"},"path":"/6a60f87f3878538f6cc490a2","query":{},"status":200},"timestamp":"2026-07-22T17:13:38.444Z"}
{"level":"info","message":{"duration":"6 ms","method":"GET","params":{},"path":"/","query":{},"status":200},"timestamp":"2026-07-22T17:13:38.457Z"}
{"level":"info","message":{"duration":"4 ms","method":"DELETE","params":{"id":"6a60f94b3878538f6cc490d5"},"path":"/6a60f94b3878538f6cc490d5","query":{},"status":200},"timestamp":"2026-07-22T17:13:43.210Z"}
{"level":"info","message":{"duration":"3 ms","method":"GET","params":{},"path":"/","query":{},"status":200},"timestamp":"2026-07-22T17:13:43.217Z"}
{"level":"info","message":{"duration":"3 ms","method":"GET","params":{},"path":"/","query":{},"status":304},"timestamp":"2026-07-22T17:13:46.638Z"}
{"level":"info","message":{"duration":"2 ms","method":"GET","params":{},"path":"/","query":{},"status":304},"timestamp":"2026-07-22T17:13:56.644Z"}
{"level":"info","message":{"duration":"3 ms","method":"GET","params":{},"path":"/","query":{},"status":304},"timestamp":"2026-07-22T17:14:06.642Z"}
{"level":"info","message":{"duration":"4 ms","method":"GET","params":{},"path":"/","query":{},"status":304},"timestamp":"2026-07-22T17:14:15.389Z"}
{"level":"info","message":{"duration":"3 ms","method":"GET","params":{},"path":"/","query":{},"status":304},"timestamp":"2026-07-22T17:14:17.390Z"}
{"level":"info","message":{"duration":"3 ms","method":"GET","params":{},"path":"/","query":{},"status":304},"timestamp":"2026-07-22T17:14:27.395Z"}
{"level":"info","message":{"duration":"4 ms","method":"GET","params":{},"path":"/","query":{},"status":304},"timestamp":"2026-07-22T17:14:37.399Z"}
{"level":"info","message":{"duration":"4 ms","method":"GET","params":{},"path":"/","query":{},"status":304},"timestamp":"2026-07-22T17:14:47.392Z"}
{"level":"info","message":{"duration":"3 ms","method":"GET","params":{},"path":"/","query":{},"status":304},"timestamp":"2026-07-22T17:14:57.390Z"}
{"level":"info","message":{"duration":"3 ms","method":"GET","params":{},"path":"/","query":{},"status":304},"timestamp":"2026-07-22T17:15:07.394Z"}
{"level":"info","message":{"duration":"3 ms","method":"GET","params":{},"path":"/","query":{},"status":304},"timestamp":"2026-07-22T17:15:15.412Z"}
{"level":"info","message":{"duration":"5 ms","method":"GET","params":{},"path":"/","query":{},"status":304},"timestamp":"2026-07-22T17:16:15.395Z"}
{"level":"info","message":{"duration":"5 ms","method":"GET","params":{},"path":"/","query":{},"status":304},"timestamp":"2026-07-22T17:16:15.404Z"}
{"level":"info","message":{"duration":"7 ms","method":"GET","params":{},"path":"/","query":{},"status":304},"timestamp":"2026-07-22T17:16:22.389Z"}
{"level":"info","message":{"duration":"2 ms","method":"GET","params":{},"path":"/","query":{},"status":304},"timestamp":"2026-07-22T17:16:27.386Z"}
{"level":"info","message":{"duration":"6 ms","method":"GET","params":{},"path":"/","query":{},"status":304},"timestamp":"2026-07-22T17:16:37.398Z"}
{"level":"info","message":{"duration":"4 ms","method":"GET","params":{},"path":"/","query":{},"status":304},"timestamp":"2026-07-22T17:16:47.402Z"}
{"level":"info","message":{"duration":"4 ms","method":"GET","params":{},"path":"/","query":{},"status":304},"timestamp":"2026-07-22T17:16:57.405Z"}
{"level":"info","message":{"duration":"5 ms","method":"GET","params":{},"path":"/","query":{},"status":304},"timestamp":"2026-07-22T17:17:07.404Z"}
{"level":"info","message":{"duration":"4 ms","method":"GET","params":{},"path":"/","query":{},"status":304},"timestamp":"2026-07-22T17:17:16.100Z"}
{"level":"info","message":{"duration":"6 ms","method":"GET","params":{},"path":"/","query":{},"status":304},"timestamp":"2026-07-22T17:17:17.693Z"}
{"level":"info","message":{"duration":"5 ms","method":"GET","params":{},"path":"/","query":{},"status":304},"timestamp":"2026-07-22T17:18:15.400Z"}
{"level":"info","message":{"duration":"4 ms","method":"GET","params":{},"path":"/","query":{},"status":304},"timestamp":"2026-07-22T17:18:15.408Z"}
{"level":"info","message":{"duration":"11 ms","method":"GET","params":{},"path":"/","query":{},"status":304},"timestamp":"2026-07-22T17:19:10.278Z"}
{"level":"info","message":{"duration":"3 ms","method":"GET","params":{},"path":"/","query":{},"status":304},"timestamp":"2026-07-22T17:19:15.402Z"}
{"level":"info","message":{"duration":"4 ms","method":"GET","params":{},"path":"/","query":{},"status":304},"timestamp":"2026-07-22T17:19:17.401Z"}
{"level":"info","message":{"duration":"3 ms","method":"GET","params":{},"path":"/","query":{},"status":304},"timestamp":"2026-07-22T17:19:27.712Z"}
{"level":"info","message":{"duration":"3 ms","method":"GET","params":{},"path":"/","query":{},"status":304},"timestamp":"2026-07-22T17:19:37.402Z"}
{"level":"info","message":{"duration":"4 ms","method":"GET","params":{},"path":"/","query":{},"status":304},"timestamp":"2026-07-22T17:19:47.393Z"}
{"level":"info","message":{"duration":"8 ms","method":"GET","params":{},"path":"/","query":{},"status":304},"timestamp":"2026-07-22T17:19:57.417Z"}
{"level":"info","message":{"duration":"4 ms","method":"GET","params":{},"path":"/","query":{},"status":304},"timestamp":"2026-07-22T17:20:07.407Z"}
{"level":"info","message":{"duration":"3 ms","method":"GET","params":{},"path":"/","query":{},"status":304},"timestamp":"2026-07-22T17:20:15.392Z"}
{"level":"info","message":{"duration":"3 ms","method":"GET","params":{},"path":"/","query":{},"status":304},"timestamp":"2026-07-22T17:20:40.698Z"}
{"level":"info","message":{"duration":"2 ms","method":"GET","params":{},"path":"/","query":{},"status":304},"timestamp":"2026-07-22T17:20:42.451Z"}
{"level":"info","message":{"duration":"4 ms","method":"GET","params":{},"path":"/","query":{},"status":304},"timestamp":"2026-07-22T17:20:42.457Z"}
{"level":"info","message":{"duration":"3 ms","method":"GET","params":{},"path":"/","query":{},"status":304},"timestamp":"2026-07-22T17:20:43.956Z"}
{"level":"info","message":{"duration":"3 ms","method":"GET","params":{},"path":"/","query":{},"status":304},"timestamp":"2026-07-22T17:20:43.962Z"}
{"level":"info","message":{"body":{"email":"riteshlande75@gmail.com","password":"Ritesh@75"},"duration":"10 ms","method":"POST","params":{},"path":"/login","query":{},"status":200},"timestamp":"2026-07-22T17:21:03.215Z"}
{"level":"info","message":{"duration":"4 ms","method":"GET","params":{},"path":"/","query":{},"status":304},"timestamp":"2026-07-22T17:21:04.331Z"}
{"level":"info","message":{"duration":"5 ms","method":"GET","params":{},"path":"/","query":{},"status":304},"timestamp":"2026-07-22T17:21:04.338Z"}
{"level":"info","message":{"duration":"6 ms","method":"GET","params":{},"path":"/","query":{},"status":304},"timestamp":"2026-07-22T17:21:14.343Z"}
{"level":"info","message":{"duration":"3 ms","method":"GET","params":{},"path":"/","query":{},"status":304},"timestamp":"2026-07-22T17:21:15.387Z"}
{"level":"info","message":{"duration":"3 ms","method":"GET","params":{},"path":"/","query":{},"status":304},"timestamp":"2026-07-22T17:21:24.404Z"}
{"level":"info","message":{"duration":"4 ms","method":"GET","params":{},"path":"/","query":{},"status":304},"timestamp":"2026-07-22T17:21:34.406Z"}
{"level":"info","message":{"duration":"3 ms","method":"GET","params":{},"path":"/","query":{},"status":304},"timestamp":"2026-07-22T17:21:44.390Z"}
{"level":"info","message":{"duration":"5 ms","method":"GET","params":{},"path":"/","query":{},"status":304},"timestamp":"2026-07-22T17:21:54.406Z"}
{"level":"info","message":{"duration":"5 ms","method":"GET","params":{},"path":"/","query":{},"status":304},"timestamp":"2026-07-22T17:22:04.396Z"}
{"level":"info","message":{"duration":"2 ms","method":"GET","params":{},"path":"/","query":{},"status":304},"timestamp":"2026-07-22T17:22:14.393Z"}
{"level":"info","message":{"duration":"4 ms","method":"GET","params":{},"path":"/","query":{},"status":304},"timestamp":"2026-07-22T17:22:15.403Z"}
{"level":"info","message":{"duration":"6 ms","method":"GET","params":{},"path":"/","query":{},"status":304},"timestamp":"2026-07-22T17:22:57.380Z"}
{"level":"info","message":{"body":{"course":"computer science","email":"riteshlande75@gmail.com","enrollmentDate":"2026-07-22","name":"vaishnavi","status":"active"},"duration":"7 ms","method":"POST","params":{},"path":"/","query":{},"status":201},"timestamp":"2026-07-22T17:23:02.692Z"}
{"level":"info","message":{"duration":"9 ms","method":"GET","params":{},"path":"/","query":{},"status":200},"timestamp":"2026-07-22T17:23:02.710Z"}
{"level":"info","message":{"duration":"5 ms","method":"GET","params":{},"path":"/","query":{},"status":304},"timestamp":"2026-07-22T17:23:04.337Z"}
{"level":"info","message":{"duration":"3 ms","method":"GET","params":{},"path":"/","query":{},"status":304},"timestamp":"2026-07-22T17:23:14.349Z"}
{"level":"info","message":{"duration":"3 ms","method":"GET","params":{},"path":"/","query":{},"status":304},"timestamp":"2026-07-22T17:23:15.392Z"}
{"level":"info","message":{"duration":"4 ms","method":"GET","params":{},"path":"/","query":{},"status":304},"timestamp":"2026-07-22T17:23:24.400Z"}
{"level":"info","message":{"duration":"4 ms","method":"GET","params":{},"path":"/","query":{},"status":304},"timestamp":"2026-07-22T17:23:34.341Z"}
{"level":"info","message":{"duration":"4 ms","method":"GET","params":{},"path":"/","query":{},"status":304},"timestamp":"2026-07-22T17:23:44.402Z"}
{"level":"info","message":{"duration":"3 ms","method":"GET","params":{},"path":"/","query":{},"status":304},"timestamp":"2026-07-22T17:23:54.398Z"}
{"level":"info","message":{"duration":"3 ms","method":"GET","params":{},"path":"/","query":{},"status":304},"timestamp":"2026-07-22T17:24:04.395Z"}
{"level":"info","message":{"duration":"5 ms","method":"GET","params":{},"path":"/","query":{},"status":304},"timestamp":"2026-07-22T17:24:14.402Z"}
{"level":"info","message":{"duration":"4 ms","method":"GET","params":{},"path":"/","query":{},"status":304},"timestamp":"2026-07-22T17:24:15.393Z"}
{"level":"info","message":{"duration":"4 ms","method":"GET","params":{},"path":"/","query":{},"status":304},"timestamp":"2026-07-22T17:24:24.393Z"}
{"level":"info","message":{"duration":"5 ms","method":"GET","params":{},"path":"/","query":{},"status":304},"timestamp":"2026-07-22T17:24:34.408Z"}
{"level":"info","message":{"duration":"4 ms","method":"GET","params":{},"path":"/","query":{},"status":304},"timestamp":"2026-07-22T17:25:15.393Z"}
{"level":"info","message":{"duration":"5 ms","method":"GET","params":{},"path":"/","query":{},"status":304},"timestamp":"2026-07-22T17:25:15.410Z"}
{"level":"info","message":{"duration":"7 ms","method":"GET","params":{},"path":"/login","query":{},"status":200},"timestamp":"2026-07-22T17:26:02.606Z"}
{"level":"info","message":{"duration":"4 ms","method":"GET","params":{},"path":"/","query":{},"status":304},"timestamp":"2026-07-22T17:26:02.855Z"}
{"level":"info","message":{"duration":"5 ms","method":"GET","params":{},"path":"/","query":{},"status":304},"timestamp":"2026-07-22T17:26:04.406Z"}
{"level":"info","message":{"duration":"4 ms","method":"GET","params":{},"path":"/","query":{},"status":304},"timestamp":"2026-07-22T17:26:14.403Z"}
{"level":"info","message":{"duration":"4 ms","method":"GET","params":{},"path":"/","query":{},"status":304},"timestamp":"2026-07-22T17:26:15.399Z"}
{"level":"info","message":{"duration":"3 ms","method":"GET","params":{},"path":"/","query":{},"status":304},"timestamp":"2026-07-22T17:26:24.393Z"}
{"level":"info","message":{"duration":"4 ms","method":"GET","params":{},"path":"/","query":{},"status":304},"timestamp":"2026-07-22T17:26:34.399Z"}
{"level":"info","message":{"body":{"email":"riteshlande766@gmail.com","password":"Ritesh@75"},"duration":"5 ms","method":"POST","params":{},"path":"/login","query":{},"status":401},"timestamp":"2026-07-22T17:26:43.396Z"}
{"level":"info","message":{"duration":"4 ms","method":"GET","params":{},"path":"/","query":{},"status":304},"timestamp":"2026-07-22T17:26:44.402Z"}
{"level":"info","message":{"body":{"email":"riteshlande766@gmail.com","password":"Ritesh@76"},"duration":"5 ms","method":"POST","params":{},"path":"/login","query":{},"status":401},"timestamp":"2026-07-22T17:26:49.865Z"}
{"level":"info","message":{"duration":"4 ms","method":"GET","params":{},"path":"/","query":{},"status":304},"timestamp":"2026-07-22T17:26:54.390Z"}
{"level":"info","message":{"body":{"email":"riteshlande75@gmail.com","password":"Ritesh@75"},"duration":"5 ms","method":"POST","params":{},"path":"/login","query":{},"status":200},"timestamp":"2026-07-22T17:27:00.296Z"}
{"level":"info","message":{"duration":"6 ms","method":"GET","params":{},"path":"/","query":{},"status":304},"timestamp":"2026-07-22T17:27:01.501Z"}
{"level":"info","message":{"duration":"7 ms","method":"GET","params":{},"path":"/","query":{},"status":304},"timestamp":"2026-07-22T17:27:01.513Z"}
{"level":"info","message":{"duration":"4 ms","method":"GET","params":{},"path":"/","query":{},"status":304},"timestamp":"2026-07-22T17:27:11.512Z"}
{"level":"info","message":{"duration":"4 ms","method":"GET","params":{},"path":"/","query":{},"status":304},"timestamp":"2026-07-22T17:27:15.395Z"}
{"level":"info","message":{"duration":"3 ms","method":"GET","params":{},"path":"/","query":{},"status":304},"timestamp":"2026-07-22T17:27:15.401Z"}
{"level":"info","message":{"duration":"4 ms","method":"GET","params":{},"path":"/","query":{},"status":304},"timestamp":"2026-07-22T17:27:21.509Z"}
{"level":"info","message":{"duration":"5 ms","method":"GET","params":{},"path":"/","query":{},"status":304},"timestamp":"2026-07-22T17:27:31.506Z"}
{"level":"info","message":{"duration":"4 ms","method":"GET","params":{},"path":"/","query":{},"status":304},"timestamp":"2026-07-22T17:27:41.507Z"}
{"level":"info","message":{"duration":"5 ms","method":"GET","params":{},"path":"/","query":{},"status":304},"timestamp":"2026-07-22T17:27:52.396Z"}
{"level":"info","message":{"duration":"4 ms","method":"GET","params":{},"path":"/","query":{},"status":304},"timestamp":"2026-07-22T17:28:02.395Z"}
{"level":"info","message":{"duration":"4 ms","method":"GET","params":{},"path":"/","query":{},"status":304},"timestamp":"2026-07-22T17:28:12.394Z"}
{"level":"info","message":{"duration":"4 ms","method":"GET","params":{},"path":"/","query":{},"status":304},"timestamp":"2026-07-22T17:28:15.393Z"}
{"level":"info","message":{"duration":"4 ms","method":"GET","params":{},"path":"/","query":{},"status":304},"timestamp":"2026-07-22T17:28:15.400Z"}
{"level":"info","message":{"duration":"4 ms","method":"GET","params":{},"path":"/","query":{},"status":304},"timestamp":"2026-07-22T17:28:22.398Z"}
{"level":"info","message":{"duration":"6 ms","method":"GET","params":{},"path":"/","query":{},"status":304},"timestamp":"2026-07-22T17:28:32.404Z"}
{"level":"info","message":{"duration":"4 ms","method":"GET","params":{},"path":"/","query":{},"status":304},"timestamp":"2026-07-22T17:28:42.396Z"}
{"level":"info","message":{"duration":"6 ms","method":"GET","params":{},"path":"/","query":{},"status":304},"timestamp":"2026-07-22T17:28:52.802Z"}
{"level":"info","message":{"duration":"4 ms","method":"GET","params":{},"path":"/","query":{},"status":304},"timestamp":"2026-07-22T17:28:55.333Z"}
{"level":"info","message":{"duration":"3 ms","method":"GET","params":{},"path":"/","query":{},"status":304},"timestamp":"2026-07-22T17:28:55.338Z"}
{"level":"info","message":{"body":{"email":"riteshlande75@gmail.com","password":"1123"},"duration":"8 ms","method":"POST","params":{},"path":"/login","query":{},"status":401},"timestamp":"2026-07-22T17:29:12.459Z"}
{"level":"info","message":{"body":{"email":"riteshlande75@gmail.com","password":"Ritesh@75"},"duration":"5 ms","method":"POST","params":{},"path":"/login","query":{},"status":401},"timestamp":"2026-07-22T17:29:20.155Z"}
{"level":"info","message":{"body":{"email":"riteshlande75@gmail.com","password":"Ritesh@75"},"duration":"6 ms","method":"POST","params":{},"path":"/login","query":{},"status":401},"timestamp":"2026-07-22T17:29:22.104Z"}
{"level":"info","message":{"body":{"course":"Cyber Security","email":"riteshlande75@gmail.com","name":"ritesh lande","password":"Ritesh@75"},"duration":"23 ms","method":"POST","params":{},"path":"/signup","query":{},"status":201},"timestamp":"2026-07-22T17:29:59.513Z"}
{"level":"info","message":{"duration":"6 ms","method":"GET","params":{},"path":"/","query":{},"status":304},"timestamp":"2026-07-22T17:30:00.843Z"}
{"level":"info","message":{"duration":"6 ms","method":"GET","params":{},"path":"/","query":{},"status":304},"timestamp":"2026-07-22T17:30:00.852Z"}
{"level":"info","message":{"duration":"5 ms","method":"GET","params":{},"path":"/","query":{},"status":304},"timestamp":"2026-07-22T17:30:10.854Z"}
{"level":"info","message":{"duration":"3 ms","method":"GET","params":{},"path":"/","query":{},"status":304},"timestamp":"2026-07-22T17:30:20.857Z"}
{"level":"info","message":{"duration":"6 ms","method":"GET","params":{},"path":"/","query":{},"status":304},"timestamp":"2026-07-22T17:30:31.398Z"}
{"level":"info","message":{"duration":"3 ms","method":"GET","params":{},"path":"/","query":{},"status":304},"timestamp":"2026-07-22T17:30:41.398Z"}
{"level":"info","message":{"duration":"3 ms","method":"GET","params":{},"path":"/","query":{},"status":304},"timestamp":"2026-07-22T17:30:51.398Z"}
{"level":"info","message":{"duration":"4 ms","method":"GET","params":{},"path":"/","query":{},"status":304},"timestamp":"2026-07-22T17:31:01.394Z"}
{"level":"info","message":{"duration":"3 ms","method":"GET","params":{},"path":"/","query":{},"status":304},"timestamp":"2026-07-22T17:31:11.394Z"}
{"level":"info","message":{"duration":"3 ms","method":"GET","params":{},"path":"/","query":{},"status":304},"timestamp":"2026-07-22T17:31:21.396Z"}
{"level":"info","message":{"duration":"5 ms","method":"GET","params":{},"path":"/","query":{},"status":304},"timestamp":"2026-07-22T17:32:15.405Z"}
{"level":"info","message":{"duration":"4 ms","method":"GET","params":{},"path":"/","query":{},"status":304},"timestamp":"2026-07-22T17:33:15.406Z"}
{"level":"info","message":{"duration":"4 ms","method":"GET","params":{},"path":"/","query":{},"status":304},"timestamp":"2026-07-22T17:33:21.520Z"}
{"level":"info","message":{"duration":"4 ms","method":"GET","params":{},"path":"/","query":{},"status":304},"timestamp":"2026-07-22T17:33:31.403Z"}
{"level":"info","message":{"duration":"4 ms","method":"GET","params":{},"path":"/","query":{},"status":304},"timestamp":"2026-07-22T17:33:41.403Z"}
{"level":"info","message":{"duration":"3 ms","method":"GET","params":{},"path":"/","query":{},"status":304},"timestamp":"2026-07-22T17:33:51.400Z"}
{"level":"info","message":{"duration":"4 ms","method":"GET","params":{},"path":"/","query":{},"status":304},"timestamp":"2026-07-22T17:34:00.852Z"}
{"level":"info","message":{"duration":"4 ms","method":"GET","params":{},"path":"/","query":{},"status":304},"timestamp":"2026-07-22T17:34:10.843Z"}
{"level":"info","message":{"duration":"4 ms","method":"GET","params":{},"path":"/","query":{},"status":304},"timestamp":"2026-07-22T17:34:20.850Z"}
{"level":"info","message":{"duration":"3 ms","method":"GET","params":{},"path":"/","query":{},"status":304},"timestamp":"2026-07-22T17:34:30.867Z"}
{"level":"info","message":{"duration":"3 ms","method":"GET","params":{},"path":"/","query":{},"status":304},"timestamp":"2026-07-22T17:34:40.855Z"}
{"level":"info","message":{"duration":"4 ms","method":"GET","params":{},"path":"/","query":{},"status":304},"timestamp":"2026-07-22T17:34:51.392Z"}
{"level":"info","message":{"duration":"3 ms","method":"GET","params":{},"path":"/","query":{},"status":304},"timestamp":"2026-07-22T17:35:01.400Z"}
{"level":"info","message":{"duration":"3 ms","method":"GET","params":{},"path":"/","query":{},"status":304},"timestamp":"2026-07-22T17:35:11.395Z"}
{"level":"info","message":{"duration":"3 ms","method":"GET","params":{},"path":"/","query":{},"status":304},"timestamp":"2026-07-22T17:35:21.399Z"}
{"level":"info","message":{"duration":"3 ms","method":"GET","params":{},"path":"/","query":{},"status":304},"timestamp":"2026-07-22T17:35:31.394Z"}
{"level":"info","message":{"duration":"4 ms","method":"GET","params":{},"path":"/","query":{},"status":304},"timestamp":"2026-07-22T17:35:41.402Z"}
{"level":"info","message":{"duration":"4 ms","method":"GET","params":{},"path":"/","query":{},"status":304},"timestamp":"2026-07-22T17:36:15.391Z"}
{"level":"info","message":{"duration":"4 ms","method":"GET","params":{},"path":"/","query":{},"status":304},"timestamp":"2026-07-22T17:37:15.402Z"}
{"level":"info","message":{"duration":"3 ms","method":"GET","params":{},"path":"/","query":{},"status":304},"timestamp":"2026-07-22T17:38:15.401Z"}
{"level":"info","message":{"duration":"4 ms","method":"GET","params":{},"path":"/","query":{},"status":304},"timestamp":"2026-07-22T17:38:57.368Z"}
{"level":"info","message":{"duration":"8 ms","method":"GET","params":{},"path":"/","query":{},"status":304},"timestamp":"2026-07-22T17:38:57.563Z"}
{"level":"info","message":{"duration":"6 ms","method":"GET","params":{},"path":"/","query":{},"status":304},"timestamp":"2026-07-22T17:38:57.571Z"}
{"level":"info","message":{"duration":"5 ms","method":"GET","params":{},"path":"/","query":{},"status":304},"timestamp":"2026-07-22T17:39:01.406Z"}
{"level":"info","message":{"duration":"3 ms","method":"GET","params":{},"path":"/","query":{},"status":304},"timestamp":"2026-07-22T17:39:08.404Z"}
{"level":"info","message":{"duration":"4 ms","method":"GET","params":{},"path":"/","query":{},"status":304},"timestamp":"2026-07-22T17:39:11.390Z"}
{"level":"info","message":{"duration":"3 ms","method":"GET","params":{},"path":"/","query":{},"status":304},"timestamp":"2026-07-22T17:39:18.399Z"}
{"level":"info","message":{"duration":"3 ms","method":"GET","params":{},"path":"/","query":{},"status":304},"timestamp":"2026-07-22T17:39:21.387Z"}
{"level":"info","message":{"duration":"3 ms","method":"GET","params":{},"path":"/","query":{},"status":304},"timestamp":"2026-07-22T17:39:28.398Z"}
{"level":"info","message":{"duration":"4 ms","method":"GET","params":{},"path":"/","query":{},"status":304},"timestamp":"2026-07-22T17:39:31.394Z"}
{"level":"info","message":{"duration":"5 ms","method":"GET","params":{},"path":"/","query":{},"status":304},"timestamp":"2026-07-22T17:39:38.397Z"}
{"level":"info","message":{"duration":"3 ms","method":"GET","params":{},"path":"/","query":{},"status":304},"timestamp":"2026-07-22T17:39:41.389Z"}
{"level":"info","message":{"duration":"3 ms","method":"GET","params":{},"path":"/","query":{},"status":304},"timestamp":"2026-07-22T17:39:48.391Z"}
{"level":"info","message":{"duration":"4 ms","method":"GET","params":{},"path":"/","query":{},"status":304},"timestamp":"2026-07-22T17:39:51.402Z"}
{"level":"info","message":{"duration":"3 ms","method":"GET","params":{},"path":"/","query":{},"status":304},"timestamp":"2026-07-22T17:39:58.393Z"}
{"level":"info","message":{"duration":"3 ms","method":"GET","params":{},"path":"/","query":{},"status":304},"timestamp":"2026-07-22T17:40:15.393Z"}
{"level":"info","message":{"duration":"4 ms","method":"GET","params":{},"path":"/","query":{},"status":304},"timestamp":"2026-07-22T17:40:15.401Z"}
{"level":"info","message":{"duration":"4 ms","method":"GET","params":{},"path":"/","query":{},"status":304},"timestamp":"2026-07-22T17:41:15.400Z"}
{"level":"info","message":{"duration":"3 ms","method":"GET","params":{},"path":"/","query":{},"status":304},"timestamp":"2026-07-22T17:41:15.408Z"}
